// Jest Snapshot v1, https://goo.gl/fbAQLP

exports[`Home page matches snapshot 1`] = `
<DocumentFragment>
  <main
    class="h-full flex flex-col items-center"
  >
    <ul
      class="flex"
    >
      <li
        class="px-4 text-gray-500 hover:text-gray-900"
      >
        <a
          href="/"
        >
          HOME
        </a>
      </li>
      <li
        class="px-4 text-gray-500 hover:text-gray-900"
      >
        <a
          href="/detail/1"
        >
          detail/1
        </a>
      </li>
      <li
        class="px-4 text-gray-500 hover:text-gray-900"
      >
        <a
          href="/detail/2"
        >
          detail/2
        </a>
      </li>
    </ul>
    <p
      class="mt-20 text-xl"
    >
      <code>
        detail/[id].tsx - query: { id: 1 }
      </code>
    </p>
  </main>
</DocumentFragment>
`;
